// Jest Snapshot v1, https://goo.gl/fbAQLP

exports[`Test Details page Check if the page loads 1`] = `
<ul
  className="data-details p-0 m-0"
>
  <li
    className="card rounded-0 d-flex flex-row justify-content-between p-4 text-white"
  >
    <p
      className="m-0 text-white"
    >
      New Confirmed Cases
    </p>
    <div
      className="d-flex gap-1 align-center"
    >
      10
      <div
        className="d-grid align-content-center"
      >
        <svg
          className="bi bi-arrow-right-circle"
          fill="currentColor"
          height="16"
          viewBox="0 0 16 16"
          width="16"
          xmlns="http://www.w3.org/2000/svg"
        >
          <path
            d="M1 8a7 7 0 1 0 14 0A7 7 0 0 0 1 8zm15 0A8 8 0 1 1 0 8a8 8 0 0 1 16 0zM4.5 7.5a.5.5 0 0 0 0 1h5.793l-2.147 2.146a.5.5 0 0 0 .708.708l3-3a.5.5 0 0 0 0-.708l-3-3a.5.5 0 1 0-.708.708L10.293 7.5H4.5z"
            fillRule="evenodd"
          />
        </svg>
      </div>
    </div>
  </li>
  <li
    className="card rounded-0 d-flex flex-row justify-content-between p-4 text-white"
  >
    <p
      className="m-0 text-white"
    >
      New Deaths
    </p>
    <div
      className="d-flex gap-1 align-center"
    >
      2
      <div
        className="d-grid align-content-center"
      >
        <svg
          className="bi bi-arrow-right-circle"
          fill="currentColor"
          height="16"
          viewBox="0 0 16 16"
          width="16"
          xmlns="http://www.w3.org/2000/svg"
        >
          <path
            d="M1 8a7 7 0 1 0 14 0A7 7 0 0 0 1 8zm15 0A8 8 0 1 1 0 8a8 8 0 0 1 16 0zM4.5 7.5a.5.5 0 0 0 0 1h5.793l-2.147 2.146a.5.5 0 0 0 .708.708l3-3a.5.5 0 0 0 0-.708l-3-3a.5.5 0 1 0-.708.708L10.293 7.5H4.5z"
            fillRule="evenodd"
          />
        </svg>
      </div>
    </div>
  </li>
  <li
    className="card rounded-0 d-flex flex-row justify-content-between p-4 text-white"
  >
    <p
      className="m-0 text-white"
    >
      Total Confirmed Cases
    </p>
    <div
      className="d-flex gap-1 align-center"
    >
      300
      <div
        className="d-grid align-content-center"
      >
        <svg
          className="bi bi-arrow-right-circle"
          fill="currentColor"
          height="16"
          viewBox="0 0 16 16"
          width="16"
          xmlns="http://www.w3.org/2000/svg"
        >
          <path
            d="M1 8a7 7 0 1 0 14 0A7 7 0 0 0 1 8zm15 0A8 8 0 1 1 0 8a8 8 0 0 1 16 0zM4.5 7.5a.5.5 0 0 0 0 1h5.793l-2.147 2.146a.5.5 0 0 0 .708.708l3-3a.5.5 0 0 0 0-.708l-3-3a.5.5 0 1 0-.708.708L10.293 7.5H4.5z"
            fillRule="evenodd"
          />
        </svg>
      </div>
    </div>
  </li>
  <li
    className="card rounded-0 d-flex flex-row justify-content-between p-4 text-white"
  >
    <p
      className="m-0 text-white"
    >
      Total Deaths
    </p>
    <div
      className="d-flex gap-1 align-center"
    >
      500
      <div
        className="d-grid align-content-center"
      >
        <svg
          className="bi bi-arrow-right-circle"
          fill="currentColor"
          height="16"
          viewBox="0 0 16 16"
          width="16"
          xmlns="http://www.w3.org/2000/svg"
        >
          <path
            d="M1 8a7 7 0 1 0 14 0A7 7 0 0 0 1 8zm15 0A8 8 0 1 1 0 8a8 8 0 0 1 16 0zM4.5 7.5a.5.5 0 0 0 0 1h5.793l-2.147 2.146a.5.5 0 0 0 .708.708l3-3a.5.5 0 0 0 0-.708l-3-3a.5.5 0 1 0-.708.708L10.293 7.5H4.5z"
            fillRule="evenodd"
          />
        </svg>
      </div>
    </div>
  </li>
  <li
    className="card rounded-0 d-flex flex-row justify-content-between p-4 text-white"
  >
    <p
      className="m-0 text-white"
    >
      Total Recovered
    </p>
    <div
      className="d-flex gap-1 align-center"
    >
      1000
      <div
        className="d-grid align-content-center"
      >
        <svg
          className="bi bi-arrow-right-circle"
          fill="currentColor"
          height="16"
          viewBox="0 0 16 16"
          width="16"
          xmlns="http://www.w3.org/2000/svg"
        >
          <path
            d="M1 8a7 7 0 1 0 14 0A7 7 0 0 0 1 8zm15 0A8 8 0 1 1 0 8a8 8 0 0 1 16 0zM4.5 7.5a.5.5 0 0 0 0 1h5.793l-2.147 2.146a.5.5 0 0 0 .708.708l3-3a.5.5 0 0 0 0-.708l-3-3a.5.5 0 1 0-.708.708L10.293 7.5H4.5z"
            fillRule="evenodd"
          />
        </svg>
      </div>
    </div>
  </li>
</ul>
`;
